[html.themewin.com/edurock-preview/edurock/index.html]
[backblue.gif]
[fade.gif]
[index.html]
[html.themewin.com/edurock-preview/edurock/img/favicon.ico]
[html.themewin.com/edurock-preview/edurock/css/bootstrap.min.css]
[html.themewin.com/edurock-preview/edurock/css/animate.min.css]
[html.themewin.com/edurock-preview/edurock/css/aos.min.css]
[html.themewin.com/edurock-preview/edurock/css/magnific-popup.css]
[html.themewin.com/edurock-preview/edurock/css/icofont.min.css]
[html.themewin.com/edurock-preview/edurock/css/slick.css]
[html.themewin.com/edurock-preview/edurock/css/swiper-bundle.min.css]
[html.themewin.com/edurock-preview/edurock/img/pre.png]
[html.themewin.com/edurock-preview/edurock/css/style.css]
[html.themewin.com/edurock-preview/edurock/img/logo/logo_1.png]
[html.themewin.com/edurock-preview/edurock/img/mega/home-1.png]
[html.themewin.com/edurock-preview/edurock/img/mega/home-2.png]
[html.themewin.com/edurock-preview/edurock/home-2.html]
[html.themewin.com/edurock-preview/edurock/home-3.html]
[html.themewin.com/edurock-preview/edurock/img/mega/home-3.png]
[html.themewin.com/edurock-preview/edurock/home-4.html]
[html.themewin.com/edurock-preview/edurock/img/mega/home-4.png]
[html.themewin.com/edurock-preview/edurock/home-5.html]
[html.themewin.com/edurock-preview/edurock/img/mega/home-5.png]
[html.themewin.com/edurock-preview/edurock/home-6.html]
[html.themewin.com/edurock-preview/edurock/img/mega/home-6.png]
[html.themewin.com/edurock-preview/edurock/home-7.html]
[html.themewin.com/edurock-preview/edurock/img/mega/home-7.png]
[html.themewin.com/edurock-preview/edurock/home-8.html]
[html.themewin.com/edurock-preview/edurock/img/mega/home-8.png]
[html.themewin.com/edurock-preview/edurock/home-9.html]
[html.themewin.com/edurock-preview/edurock/img/mega/home-9.png]
[html.themewin.com/edurock-preview/edurock/home-10.html]
[html.themewin.com/edurock-preview/edurock/img/mega/home-10.png]
[html.themewin.com/edurock-preview/edurock/home-11.html]
[html.themewin.com/edurock-preview/edurock/img/mega/home-11.png]
[html.themewin.com/edurock-preview/edurock/img/mega/coming.png]
[html.themewin.com/edurock-preview/edurock/index-dark.html]
[html.themewin.com/edurock-preview/edurock/img/mega/home-1-dark.png]
[html.themewin.com/edurock-preview/edurock/home-2-dark.html]
[html.themewin.com/edurock-preview/edurock/img/mega/home-2-dark.png]
[html.themewin.com/edurock-preview/edurock/home-3-dark.html]
[html.themewin.com/edurock-preview/edurock/img/mega/home-3-dark.png]
[html.themewin.com/edurock-preview/edurock/home-4-dark.html]
[html.themewin.com/edurock-preview/edurock/img/mega/home-4-dark.png]
[html.themewin.com/edurock-preview/edurock/home-5-dark.html]
[html.themewin.com/edurock-preview/edurock/img/mega/home-5-dark.png]
[html.themewin.com/edurock-preview/edurock/home-6-dark.html]
[html.themewin.com/edurock-preview/edurock/img/mega/home-6-dark.png]
[html.themewin.com/edurock-preview/edurock/home-7-dark.html]
[html.themewin.com/edurock-preview/edurock/img/mega/home-7-dark.png]
[html.themewin.com/edurock-preview/edurock/home-8-dark.html]
[html.themewin.com/edurock-preview/edurock/img/mega/home-8-dark.png]
[html.themewin.com/edurock-preview/edurock/home-9-dark.html]
[html.themewin.com/edurock-preview/edurock/img/mega/home-9-dark.png]
[html.themewin.com/edurock-preview/edurock/home-10-dark.html]
[html.themewin.com/edurock-preview/edurock/img/mega/home-10-dark.png]
[html.themewin.com/edurock-preview/edurock/home-11-dark.html]
[html.themewin.com/edurock-preview/edurock/img/mega/home-11-dark.png]
[html.themewin.com/edurock-preview/edurock/img/mega/coming-dark.png]
[html.themewin.com/edurock-preview/edurock/about.html]
[html.themewin.com/edurock-preview/edurock/about-dark.html]
[html.themewin.com/edurock-preview/edurock/blog.html]
[html.themewin.com/edurock-preview/edurock/blog-dark.html]
[html.themewin.com/edurock-preview/edurock/blog-details.html]
[html.themewin.com/edurock-preview/edurock/blog-details-dark.html]
[html.themewin.com/edurock-preview/edurock/error.html]
[html.themewin.com/edurock-preview/edurock/error-dark.html]
[html.themewin.com/edurock-preview/edurock/event-details.html]
[html.themewin.com/edurock-preview/edurock/zoom/zoom-meetings.html]
[html.themewin.com/edurock-preview/edurock/zoom/zoom-meetings-dark.html]
[html.themewin.com/edurock-preview/edurock/zoom/zoom-meeting-details.html]
[html.themewin.com/edurock-preview/edurock/zoom/zoom-meeting-details-dark.html]
[html.themewin.com/edurock-preview/edurock/login.html]
[html.themewin.com/edurock-preview/edurock/login-dark.html]
[html.themewin.com/edurock-preview/edurock/img/mega/mega_menu_2.png]
[html.themewin.com/edurock-preview/edurock/course.html]
[html.themewin.com/edurock-preview/edurock/course-dark.html]
[html.themewin.com/edurock-preview/edurock/course-grid.html]
[html.themewin.com/edurock-preview/edurock/course-grid-dark.html]
[html.themewin.com/edurock-preview/edurock/course-list.html]
[html.themewin.com/edurock-preview/edurock/course-list-dark.html]
[html.themewin.com/edurock-preview/edurock/course-details.html]
[html.themewin.com/edurock-preview/edurock/course-details-dark.html]
[html.themewin.com/edurock-preview/edurock/course-details-2.html]
[html.themewin.com/edurock-preview/edurock/course-details-2-dark.html]
[html.themewin.com/edurock-preview/edurock/course-details-3.html]
[html.themewin.com/edurock-preview/edurock/dashboard/become-an-instructor.html]
[html.themewin.com/edurock-preview/edurock/dashboard/create-course.html]
[html.themewin.com/edurock-preview/edurock/instructor.html]
[html.themewin.com/edurock-preview/edurock/instructor-dark.html]
[html.themewin.com/edurock-preview/edurock/instructor-details.html]
[html.themewin.com/edurock-preview/edurock/lesson.html]
[html.themewin.com/edurock-preview/edurock/img/mega/mega_menu_1.png]
[html.themewin.com/edurock-preview/edurock/dashboard/instructor-dashboard.html]
[html.themewin.com/edurock-preview/edurock/dashboard/admin-dashboard.html]
[html.themewin.com/edurock-preview/edurock/dashboard/admin-profile.html]
[html.themewin.com/edurock-preview/edurock/dashboard/admin-message.html]
[html.themewin.com/edurock-preview/edurock/dashboard/admin-course.html]
[html.themewin.com/edurock-preview/edurock/dashboard/admin-reviews.html]
[html.themewin.com/edurock-preview/edurock/dashboard/admin-quiz-attempts.html]
[html.themewin.com/edurock-preview/edurock/dashboard/admin-settings.html]
[html.themewin.com/edurock-preview/edurock/dashboard/instructor-profile.html]
[html.themewin.com/edurock-preview/edurock/dashboard/instructor-message.html]
[html.themewin.com/edurock-preview/edurock/dashboard/instructor-wishlist.html]
[html.themewin.com/edurock-preview/edurock/dashboard/instructor-reviews.html]
[html.themewin.com/edurock-preview/edurock/dashboard/instructor-my-quiz-attempts.html]
[html.themewin.com/edurock-preview/edurock/dashboard/instructor-order-history.html]
[html.themewin.com/edurock-preview/edurock/dashboard/instructor-course.html]
[html.themewin.com/edurock-preview/edurock/dashboard/instructor-announcments.html]
[html.themewin.com/edurock-preview/edurock/dashboard/instructor-quiz-attempts.html]
[html.themewin.com/edurock-preview/edurock/dashboard/instructor-assignments.html]
[html.themewin.com/edurock-preview/edurock/dashboard/instructor-settings.html]
[html.themewin.com/edurock-preview/edurock/dashboard/student-dashboard.html]
[html.themewin.com/edurock-preview/edurock/dashboard/student-profile.html]
[html.themewin.com/edurock-preview/edurock/dashboard/student-message.html]
[html.themewin.com/edurock-preview/edurock/dashboard/student-enrolled-courses.html]
[html.themewin.com/edurock-preview/edurock/dashboard/student-wishlist.html]
[html.themewin.com/edurock-preview/edurock/dashboard/student-reviews.html]
[html.themewin.com/edurock-preview/edurock/dashboard/student-my-quiz-attempts.html]
[html.themewin.com/edurock-preview/edurock/dashboard/student-assignments.html]
[html.themewin.com/edurock-preview/edurock/dashboard/student-settings.html]
[html.themewin.com/edurock-preview/edurock/ecommerce/shop.html]
[html.themewin.com/edurock-preview/edurock/ecommerce/product-details.html]
[html.themewin.com/edurock-preview/edurock/ecommerce/cart.html]
[html.themewin.com/edurock-preview/edurock/ecommerce/checkout.html]
[html.themewin.com/edurock-preview/edurock/ecommerce/wishlist.html]
[html.themewin.com/edurock-preview/edurock/img/grid/cart1.jpg]
[html.themewin.com/edurock-preview/edurock/img/grid/cart2.jpg]
[html.themewin.com/edurock-preview/edurock/img/grid/cart3.jpg]
[html.themewin.com/edurock-preview/edurock/img/about/about_8.png]
[html.themewin.com/edurock-preview/edurock/img/about/about_1.png]
[html.themewin.com/edurock-preview/edurock/img/register/register__2.png]
[html.themewin.com/edurock-preview/edurock/img/herobanner/herobanner__6.png]
[html.themewin.com/edurock-preview/edurock/img/herobanner/herobanner__7.png]
[html.themewin.com/edurock-preview/edurock/img/brand/brand_1.png]
[html.themewin.com/edurock-preview/edurock/img/brand/brand_2.png]
[html.themewin.com/edurock-preview/edurock/img/brand/brand_3.png]
[html.themewin.com/edurock-preview/edurock/img/brand/brand_4.png]
[html.themewin.com/edurock-preview/edurock/img/brand/brand_5.png]
[html.themewin.com/edurock-preview/edurock/img/about/about_2.png]
[html.themewin.com/edurock-preview/edurock/img/about/about_3.png]
[html.themewin.com/edurock-preview/edurock/img/about/about_4.png]
[html.themewin.com/edurock-preview/edurock/img/about/about_11.png]
[html.themewin.com/edurock-preview/edurock/img/counter/counter__1.png]
[html.themewin.com/edurock-preview/edurock/img/counter/counter__2.png]
[html.themewin.com/edurock-preview/edurock/img/counter/counter__3.png]
[html.themewin.com/edurock-preview/edurock/img/counter/counter__4.png]
[html.themewin.com/edurock-preview/edurock/img/service/service__shape__1.png]
[html.themewin.com/edurock-preview/edurock/img/service/service__shape__bg__1.png]
[html.themewin.com/edurock-preview/edurock/img/grid/grid_1.png]
[html.themewin.com/edurock-preview/edurock/img/grid/grid_small_1.jpg]
[html.themewin.com/edurock-preview/edurock/img/grid/grid_2.png]
[html.themewin.com/edurock-preview/edurock/img/grid/grid_small_2.jpg]
[html.themewin.com/edurock-preview/edurock/img/grid/grid_3.png]
[html.themewin.com/edurock-preview/edurock/img/grid/grid_small_3.jpg]
[html.themewin.com/edurock-preview/edurock/img/grid/grid_4.png]
[html.themewin.com/edurock-preview/edurock/img/grid/grid_small_4.jpg]
[html.themewin.com/edurock-preview/edurock/img/grid/grid_5.png]
[html.themewin.com/edurock-preview/edurock/img/grid/grid_small_5.jpg]
[html.themewin.com/edurock-preview/edurock/img/grid/grid_6.png]
[html.themewin.com/edurock-preview/edurock/img/icon/video.png]
[html.themewin.com/edurock-preview/edurock/img/register/register__1.png]
[html.themewin.com/edurock-preview/edurock/img/register/register__3.png]
[html.themewin.com/edurock-preview/edurock/img/icon/price__1.png]
[html.themewin.com/edurock-preview/edurock/img/icon/price__2.png]
[html.themewin.com/edurock-preview/edurock/img/icon/price__3.png]
[html.themewin.com/edurock-preview/edurock/img/about/about_5.png]
[html.themewin.com/edurock-preview/edurock/img/about/about_6.png]
[html.themewin.com/edurock-preview/edurock/img/about/about_7.png]
[html.themewin.com/edurock-preview/edurock/img/about/about_9.png]
[html.themewin.com/edurock-preview/edurock/img/blog/blog_1.png]
[html.themewin.com/edurock-preview/edurock/img/blog/blog_2.png]
[html.themewin.com/edurock-preview/edurock/img/blog/blog_3.png]
[html.themewin.com/edurock-preview/edurock/img/blog/blog_4.png]
[html.themewin.com/edurock-preview/edurock/img/footer/footer__1.png]
[html.themewin.com/edurock-preview/edurock/img/footer/footer__2.png]
[html.themewin.com/edurock-preview/edurock/img/footer/footer__3.png]
[html.themewin.com/edurock-preview/edurock/img/logo/logo_2.png]
[html.themewin.com/edurock-preview/edurock/js/vendor/modernizr-3.5.0.min.js]
[html.themewin.com/edurock-preview/edurock/js/vendor/jquery-3.6.0.min.js]
[html.themewin.com/edurock-preview/edurock/js/popper.min.js]
[html.themewin.com/edurock-preview/edurock/js/bootstrap.min.js]
[html.themewin.com/edurock-preview/edurock/js/isotope.pkgd.min.js]
[html.themewin.com/edurock-preview/edurock/js/slick.min.js]
[html.themewin.com/edurock-preview/edurock/js/jquery.meanmenu.min.js]
[html.themewin.com/edurock-preview/edurock/js/ajax-form.js]
[html.themewin.com/edurock-preview/edurock/js/wow.min.js]
[html.themewin.com/edurock-preview/edurock/js/jquery.scrollUp.min.js]
[html.themewin.com/edurock-preview/edurock/js/imagesloaded.pkgd.min.js]
[html.themewin.com/edurock-preview/edurock/js/jquery.magnific-popup.min.js]
[html.themewin.com/edurock-preview/edurock/js/waypoints.min.js]
[html.themewin.com/edurock-preview/edurock/js/jquery.counterup.min.js]
[html.themewin.com/edurock-preview/edurock/js/plugins.js]
[html.themewin.com/edurock-preview/edurock/index.html]
[html.themewin.com/edurock-preview/edurock/js/main.js]
[html.themewin.com/edurock-preview/edurock/css/bootstrap.min.css]
[html.themewin.com/edurock-preview/edurock/css/animate.min.css]
[html.themewin.com/edurock-preview/edurock/css/aos.min.css]
[html.themewin.com/edurock-preview/edurock/css/magnific-popup.css]
[html.themewin.com/edurock-preview/edurock/js/swiper-bundle.min.js]
[html.themewin.com/edurock-preview/edurock/fonts/icofont.woff2]
[html.themewin.com/edurock-preview/edurock/fonts/icofont.woff]
[html.themewin.com/edurock-preview/edurock/css/icofont.min.css]
[html.themewin.com/edurock-preview/edurock/css/slick.css]
[html.themewin.com/edurock-preview/edurock/css/swiper-bundle.min.css]
[html.themewin.com/edurock-preview/edurock/img/register/register__bg.png]
[html.themewin.com/edurock-preview/edurock/css/style.css]
[html.themewin.com/edurock-preview/edurock/img/education/education.png]
[html.themewin.com/edurock-preview/edurock/img/education/education__1.png]
[html.themewin.com/edurock-preview/edurock/img/education/education__2.png]
[html.themewin.com/edurock-preview/edurock/img/education/education__3.png]
[html.themewin.com/edurock-preview/edurock/img/education/education__4.png]
[html.themewin.com/edurock-preview/edurock/img/education/education__5.png]
[html.themewin.com/edurock-preview/edurock/img/education/education__6.png]
[html.themewin.com/edurock-preview/edurock/img/education/education__7.png]
[html.themewin.com/edurock-preview/edurock/img/about/about_16.png]
[html.themewin.com/edurock-preview/edurock/img/education/hero_shape2.png]
[html.themewin.com/edurock-preview/edurock/img/education/hero_shape3.png]
[html.themewin.com/edurock-preview/edurock/img/education/hero_shape4.png]
[html.themewin.com/edurock-preview/edurock/img/education/hero_shape5.png]
[html.themewin.com/edurock-preview/edurock/img/event/event__1.png]
[html.themewin.com/edurock-preview/edurock/img/event/event__2.png]
[html.themewin.com/edurock-preview/edurock/img/event/event__3.png]
[html.themewin.com/edurock-preview/edurock/img/event/event__4.png]
[html.themewin.com/edurock-preview/edurock/img/testimonial/testi_1.png]
[html.themewin.com/edurock-preview/edurock/img/brand/brand_6.png]
[html.themewin.com/edurock-preview/edurock/img/brand/brand_7.png]
[html.themewin.com/edurock-preview/edurock/img/brand/brand_8.png]
[html.themewin.com/edurock-preview/edurock/img/brand/brand_9.png]
[html.themewin.com/edurock-preview/edurock/home-2.html]
[html.themewin.com/edurock-preview/edurock/img/about/about_10.png]
[html.themewin.com/edurock-preview/edurock/img/herobanner/herobanner__1.png]
[html.themewin.com/edurock-preview/edurock/img/herobanner/herobanner__2.png]
[html.themewin.com/edurock-preview/edurock/img/herobanner/herobanner__3.png]
[html.themewin.com/edurock-preview/edurock/img/herobanner/herobanner__4.png]
[html.themewin.com/edurock-preview/edurock/img/herobanner/herobanner__5.png]
[html.themewin.com/edurock-preview/edurock/img/about/about_13.png]
[html.themewin.com/edurock-preview/edurock/img/about/about_12.png]
[html.themewin.com/edurock-preview/edurock/img/team/team__1.png]
[html.themewin.com/edurock-preview/edurock/img/team/team__2.png]
[html.themewin.com/edurock-preview/edurock/img/team/team__3.png]
[html.themewin.com/edurock-preview/edurock/img/testimonial/testi_2.png]
[html.themewin.com/edurock-preview/edurock/img/testimonial/testi__group__1.png]
[html.themewin.com/edurock-preview/edurock/img/blog/blog_5.png]
[html.themewin.com/edurock-preview/edurock/img/blog/blog_24.png]
[html.themewin.com/edurock-preview/edurock/img/blog/blog_25.png]
[html.themewin.com/edurock-preview/edurock/home-3.html]
[html.themewin.com/edurock-preview/edurock/img/icon/flag1.webp]
[html.themewin.com/edurock-preview/edurock/img/icon/flag2.webp]
[html.themewin.com/edurock-preview/edurock/img/icon/flag3.webp]
[html.themewin.com/edurock-preview/edurock/home-4.html]
[html.themewin.com/edurock-preview/edurock/img/herobanner/herobanner__video.jpg]
[html.themewin.com/edurock-preview/edurock/img/grid/grid_7.png]
[html.themewin.com/edurock-preview/edurock/img/grid/grid_8.png]
[html.themewin.com/edurock-preview/edurock/img/grid/grid_9.png]
[html.themewin.com/edurock-preview/edurock/home-5.html]
[html.themewin.com/edurock-preview/edurock/home-6.html]
[html.themewin.com/edurock-preview/edurock/img/herobanner/university_1.jpg]
[html.themewin.com/edurock-preview/edurock/img/herobanner/university_2.jpg]
[html.themewin.com/edurock-preview/edurock/img/herobanner/university_3.jpg]
[html.themewin.com/edurock-preview/edurock/img/about/about_17.png]
[html.themewin.com/edurock-preview/edurock/img/about/overview.jpg]
[html.themewin.com/edurock-preview/edurock/img/about/mission.jpg]
[html.themewin.com/edurock-preview/edurock/img/about/vision.jpg]
[html.themewin.com/edurock-preview/edurock/img/about/award-1.jpg]
[html.themewin.com/edurock-preview/edurock/img/about/award-2.jpg]
[html.themewin.com/edurock-preview/edurock/img/about/award-3.jpg]
[html.themewin.com/edurock-preview/edurock/img/about/award-4.jpg]
[html.themewin.com/edurock-preview/edurock/img/about/tution.jpg]
[html.themewin.com/edurock-preview/edurock/img/blog/blog_26.jpg]
[html.themewin.com/edurock-preview/edurock/img/blog/blog_27.jpg]
[html.themewin.com/edurock-preview/edurock/img/blog/blog_28.jpg]
[html.themewin.com/edurock-preview/edurock/img/blog/blog_15.png]
[html.themewin.com/edurock-preview/edurock/img/blog/blog_16.png]
[html.themewin.com/edurock-preview/edurock/img/blog/blog_17.png]
[html.themewin.com/edurock-preview/edurock/img/blog/blog_18.png]
[html.themewin.com/edurock-preview/edurock/img/blog/blog_19.png]
[html.themewin.com/edurock-preview/edurock/img/blog/blog_20.png]
[html.themewin.com/edurock-preview/edurock/img/blog/blog_29.jpg]
[html.themewin.com/edurock-preview/edurock/img/blog/blog_30.jpg]
[html.themewin.com/edurock-preview/edurock/home-7.html]
[html.themewin.com/edurock-preview/edurock/img/herobanner/herobanner__slider.png]
[html.themewin.com/edurock-preview/edurock/img/herobanner/herobanner__slider__2.png]
[html.themewin.com/edurock-preview/edurock/img/herobanner/herobanner__slider__3.png]
[html.themewin.com/edurock-preview/edurock/img/products/1.jpg]
[html.themewin.com/edurock-preview/edurock/img/products/2.jpg]
[html.themewin.com/edurock-preview/edurock/img/products/3.jpg]
[html.themewin.com/edurock-preview/edurock/img/products/4.jpg]
[html.themewin.com/edurock-preview/edurock/img/products/5.jpg]
[html.themewin.com/edurock-preview/edurock/img/products/6.jpg]
[html.themewin.com/edurock-preview/edurock/img/products/7.jpg]
[html.themewin.com/edurock-preview/edurock/img/products/8.jpg]
[html.themewin.com/edurock-preview/edurock/img/about/about_online_store.png]
[html.themewin.com/edurock-preview/edurock/home-8.html]
[html.themewin.com/edurock-preview/edurock/img/herobanner/herobanner__slider__5.png]
[html.themewin.com/edurock-preview/edurock/img/herobanner/herobanner__slider__6.png]
[html.themewin.com/edurock-preview/edurock/img/herobanner/herobanner__slider__7.png]
[html.themewin.com/edurock-preview/edurock/img/about/about_19.png]
[html.themewin.com/edurock-preview/edurock/img/program/kids_1.png]
[html.themewin.com/edurock-preview/edurock/img/program/kids_2.png]
[html.themewin.com/edurock-preview/edurock/img/program/kids_3.png]
[html.themewin.com/edurock-preview/edurock/img/about/about_bg_1.jpg]
[html.themewin.com/edurock-preview/edurock/img/about/overview_kg.png]
[html.themewin.com/edurock-preview/edurock/img/grid/kid_1.jpg]
[html.themewin.com/edurock-preview/edurock/img/grid/kid_2.jpg]
[html.themewin.com/edurock-preview/edurock/img/grid/kid_3.jpg]
[html.themewin.com/edurock-preview/edurock/img/grid/kid_4.jpg]
[html.themewin.com/edurock-preview/edurock/img/grid/kid_5.jpg]
[html.themewin.com/edurock-preview/edurock/img/grid/kid_6.jpg]
[html.themewin.com/edurock-preview/edurock/img/blog/blog_31.jpg]
[html.themewin.com/edurock-preview/edurock/img/blog/blog_32.jpg]
[html.themewin.com/edurock-preview/edurock/img/blog/blog_33.jpg]
[html.themewin.com/edurock-preview/edurock/img/gallery/kids_1.jpg]
[html.themewin.com/edurock-preview/edurock/img/gallery/kids_2.jpg]
[html.themewin.com/edurock-preview/edurock/img/gallery/kids_3.jpg]
[html.themewin.com/edurock-preview/edurock/img/gallery/kids_4.jpg]
[html.themewin.com/edurock-preview/edurock/img/gallery/kids_5.jpg]
[html.themewin.com/edurock-preview/edurock/img/gallery/kids_6.jpg]
[html.themewin.com/edurock-preview/edurock/img/gallery/kids_7.jpg]
[html.themewin.com/edurock-preview/edurock/img/gallery/kids_8.jpg]
[html.themewin.com/edurock-preview/edurock/img/footer/footer_bg.png]
[html.themewin.com/edurock-preview/edurock/home-9.html]
[html.themewin.com/edurock-preview/edurock/img/herobanner/ai_1.jpg]
[html.themewin.com/edurock-preview/edurock/img/herobanner/herobanner__ai.png]
[html.themewin.com/edurock-preview/edurock/img/about/about_ai.jpg]
[html.themewin.com/edurock-preview/edurock/img/about/about_15.png]
[html.themewin.com/edurock-preview/edurock/img/icon/chat-app.png]
[html.themewin.com/edurock-preview/edurock/img/icon/machine-learning.png]
[html.themewin.com/edurock-preview/edurock/img/icon/virtual-reality.png]
[html.themewin.com/edurock-preview/edurock/img/icon/artificial-intelligence.png]
[html.themewin.com/edurock-preview/edurock/img/program/ai_1.jpg]
[html.themewin.com/edurock-preview/edurock/img/program/ai_2.jpg]
[html.themewin.com/edurock-preview/edurock/img/program/ai_3.jpg]
[html.themewin.com/edurock-preview/edurock/img/program/ai_4.jpg]
[html.themewin.com/edurock-preview/edurock/img/testimonial/testi_bg.png]
[html.themewin.com/edurock-preview/edurock/img/gallery/ai_4.jpg]
[html.themewin.com/edurock-preview/edurock/img/gallery/ai_1.jpg]
[html.themewin.com/edurock-preview/edurock/img/gallery/ai_2.jpg]
[html.themewin.com/edurock-preview/edurock/img/gallery/ai_3.jpg]
[html.themewin.com/edurock-preview/edurock/img/gallery/ai_5.jpg]
[html.themewin.com/edurock-preview/edurock/img/gallery/ai_7.jpg]
[html.themewin.com/edurock-preview/edurock/img/gallery/ai_8.jpg]
[html.themewin.com/edurock-preview/edurock/img/gallery/ai_6.jpg]
[html.themewin.com/edurock-preview/edurock/img/blog/blog_34.jpg]
[html.themewin.com/edurock-preview/edurock/img/blog/blog_35.jpg]
[html.themewin.com/edurock-preview/edurock/img/blog/blog_36.jpg]
[html.themewin.com/edurock-preview/edurock/img/footer/footer_bg_ai.png]
[html.themewin.com/edurock-preview/edurock/home-10.html]
[html.themewin.com/edurock-preview/edurock/img/about/about_single_course_1.jpg]
[html.themewin.com/edurock-preview/edurock/img/about/about_single_course_3.png]
[html.themewin.com/edurock-preview/edurock/img/about/about_single_course_2.png]
[html.themewin.com/edurock-preview/edurock/img/about/certificate.jpg]
[html.themewin.com/edurock-preview/edurock/img/team/team__4.png]
[html.themewin.com/edurock-preview/edurock/home-11.html]
[html.themewin.com/edurock-preview/edurock/index-dark.html]
[html.themewin.com/edurock-preview/edurock/course-details-3-dark.html]
[html.themewin.com/edurock-preview/edurock/contact.html]
[html.themewin.com/edurock-preview/edurock/contact-dark.html]
[html.themewin.com/edurock-preview/edurock/instructor-details-dark.html]
[html.themewin.com/edurock-preview/edurock/event-details-dark.html]
[html.themewin.com/edurock-preview/edurock/home-2-dark.html]
[html.themewin.com/edurock-preview/edurock/home-3-dark.html]
[html.themewin.com/edurock-preview/edurock/home-4-dark.html]
[html.themewin.com/edurock-preview/edurock/home-5-dark.html]
[html.themewin.com/edurock-preview/edurock/home-6-dark.html]
[html.themewin.com/edurock-preview/edurock/home-7-dark.html]
[html.themewin.com/edurock-preview/edurock/home-8-dark.html]
[html.themewin.com/edurock-preview/edurock/home-9-dark.html]
[html.themewin.com/edurock-preview/edurock/home-10-dark.html]
[html.themewin.com/edurock-preview/edurock/home-11-dark.html]
[html.themewin.com/edurock-preview/edurock/img/about/about_14.png]
[html.themewin.com/edurock-preview/edurock/about.html]
[html.themewin.com/edurock-preview/edurock/about-dark.html]
[html.themewin.com/edurock-preview/edurock/img/blog/blog_6.png]
[html.themewin.com/edurock-preview/edurock/img/blog/blog_7.png]
[html.themewin.com/edurock-preview/edurock/img/blog/blog_8.png]
[html.themewin.com/edurock-preview/edurock/img/blog/blog_9.png]
[html.themewin.com/edurock-preview/edurock/img/blog/blog_10.png]
[html.themewin.com/edurock-preview/edurock/img/blog/blog_11.png]
[html.themewin.com/edurock-preview/edurock/img/blog/blog_12.png]
[html.themewin.com/edurock-preview/edurock/img/blog/blog_13.png]
[html.themewin.com/edurock-preview/edurock/img/blog/blog_14.png]
[html.themewin.com/edurock-preview/edurock/blog.html]
[html.themewin.com/edurock-preview/edurock/blog-dark.html]
[html.themewin.com/edurock-preview/edurock/img/blog/blog_21.png]
[html.themewin.com/edurock-preview/edurock/img/blog/blog_22.png]
[html.themewin.com/edurock-preview/edurock/img/blog/blog_23.png]
[html.themewin.com/edurock-preview/edurock/img/blog-details/blog-details__1.png]
[html.themewin.com/edurock-preview/edurock/img/blog-details/blog-details__2.png]
[html.themewin.com/edurock-preview/edurock/img/blog-details/blog-details__3.png]
[html.themewin.com/edurock-preview/edurock/img/blog-details/blog-details__4.png]
[html.themewin.com/edurock-preview/edurock/blog-details.html]
[html.themewin.com/edurock-preview/edurock/blog-details-dark.html]
[html.themewin.com/edurock-preview/edurock/img/icon/error__1.png]
[html.themewin.com/edurock-preview/edurock/error.html]
[html.themewin.com/edurock-preview/edurock/error-dark.html]
[html.themewin.com/edurock-preview/edurock/img/event/event__5.png]
[html.themewin.com/edurock-preview/edurock/img/event/event__6.png]
[html.themewin.com/edurock-preview/edurock/img/icon/event__details__2.png]
[html.themewin.com/edurock-preview/edurock/event-details.html]
[html.themewin.com/edurock-preview/edurock/img/zoom/1.jpg]
[html.themewin.com/edurock-preview/edurock/img/zoom/2.jpg]
[html.themewin.com/edurock-preview/edurock/img/zoom/3.jpg]
[html.themewin.com/edurock-preview/edurock/img/zoom/4.jpg]
[html.themewin.com/edurock-preview/edurock/img/zoom/5.jpg]
[html.themewin.com/edurock-preview/edurock/img/zoom/6.jpg]
[html.themewin.com/edurock-preview/edurock/img/zoom/7.jpg]
[html.themewin.com/edurock-preview/edurock/img/zoom/8.jpg]
[html.themewin.com/edurock-preview/edurock/zoom/zoom-meetings.html]
[html.themewin.com/edurock-preview/edurock/zoom/zoom-meetings-dark.html]
[html.themewin.com/edurock-preview/edurock/img/zoom/details.jpg]
[html.themewin.com/edurock-preview/edurock/zoom/zoom-meeting-details.html]
[html.themewin.com/edurock-preview/edurock/zoom/zoom-meeting-details-dark.html]
[html.themewin.com/edurock-preview/edurock/login.html]
[html.themewin.com/edurock-preview/edurock/login-dark.html]
[html.themewin.com/edurock-preview/edurock/course.html]
[html.themewin.com/edurock-preview/edurock/course-dark.html]
[html.themewin.com/edurock-preview/edurock/course-grid.html]
[html.themewin.com/edurock-preview/edurock/course-grid-dark.html]
[html.themewin.com/edurock-preview/edurock/course-list.html]
[html.themewin.com/edurock-preview/edurock/course-list-dark.html]
[html.themewin.com/edurock-preview/edurock/index-2.html]
[html.themewin.com/edurock-preview/edurock/img/teacher/teacher__2.png]
[html.themewin.com/edurock-preview/edurock/img/teacher/teacher__1.png]
[html.themewin.com/edurock-preview/edurock/img/teacher/teacher__3.png]
[html.themewin.com/edurock-preview/edurock/img/blog-details/blog-details__6.png]
[html.themewin.com/edurock-preview/edurock/img/blog-details/blog-details__7.png]
[html.themewin.com/edurock-preview/edurock/img/blog-details/blog-details__8.png]
[html.themewin.com/edurock-preview/edurock/course-details.html]
[html.themewin.com/edurock-preview/edurock/course-details-dark.html]
[html.themewin.com/edurock-preview/edurock/course-details-2.html]
[html.themewin.com/edurock-preview/edurock/course-details-2-dark.html]
[html.themewin.com/edurock-preview/edurock/course-details-3.html]
[html.themewin.com/edurock-preview/edurock/img/dashbord/check__1.png]
[html.themewin.com/edurock-preview/edurock/dashboard/become-an-instructor.html]
[html.themewin.com/edurock-preview/edurock/img/dashbord/dashbord__8.jpg]
[html.themewin.com/edurock-preview/edurock/img/dashbord/dashbord__4.jpg]
[html.themewin.com/edurock-preview/edurock/img/dashbord/dashbord__5.jpg]
[html.themewin.com/edurock-preview/edurock/img/dashbord/dashbord__9.jpg]
[html.themewin.com/edurock-preview/edurock/img/dashbord/dashbord__7.jpg]
[html.themewin.com/edurock-preview/edurock/dashboard/create-course.html]
[html.themewin.com/edurock-preview/edurock/img/teacher/teacher__4.png]
[html.themewin.com/edurock-preview/edurock/img/teacher/teacher__5.png]
[html.themewin.com/edurock-preview/edurock/img/teacher/teacher__6.png]
[html.themewin.com/edurock-preview/edurock/instructor.html]
[html.themewin.com/edurock-preview/edurock/instructor-dark.html]
[html.themewin.com/edurock-preview/edurock/instructor-details.html]
[html.themewin.com/edurock-preview/edurock/css/plugins_plyr.css]
[html.themewin.com/edurock-preview/edurock/lesson-2.html]
[html.themewin.com/edurock-preview/edurock/lesson-course-materials.html]
[html.themewin.com/edurock-preview/edurock/lesson-quiz.html]
[html.themewin.com/edurock-preview/edurock/lesson-assignment.html]
[html.themewin.com/edurock-preview/edurock/lesson-3.html]
[html.themewin.com/edurock-preview/edurock/lesson.html]
[html.themewin.com/edurock-preview/edurock/js/plugin_plyr.js]
[html.themewin.com/edurock-preview/edurock/img/dashbord/dashbord__2.jpg]
[html.themewin.com/edurock-preview/edurock/dashboard/instructor-dashboard.html]
[html.themewin.com/edurock-preview/edurock/img/dashbord/profile.png]
[html.themewin.com/edurock-preview/edurock/img/dashbord/lock.png]
[html.themewin.com/edurock-preview/edurock/img/dashbord/verify.png]
[html.themewin.com/edurock-preview/edurock/img/dashbord/success.png]
[html.themewin.com/edurock-preview/edurock/img/dashbord/video.png]
[html.themewin.com/edurock-preview/edurock/dashboard/admin-dashboard.html]
[html.themewin.com/edurock-preview/edurock/dashboard/admin-profile.html]
[html.themewin.com/edurock-preview/edurock/dashboard/admin-message.html]
[cdnjs.cloudflare.com/ajax/libs/Chart.js/3.7.1/chart.min.js]
[html.themewin.com/edurock-preview/edurock/dashboard/admin-course.html]
[html.themewin.com/edurock-preview/edurock/dashboard/admin-reviews.html]
[html.themewin.com/edurock-preview/edurock/dashboard/admin-quiz-attempts.html]
[html.themewin.com/edurock-preview/edurock/dashboard/admin-settings.html]
[html.themewin.com/edurock-preview/edurock/dashboard/instructor-profile.html]
[html.themewin.com/edurock-preview/edurock/dashboard/instructor-message.html]
[html.themewin.com/edurock-preview/edurock/dashboard/instructor-wishlist.html]
[html.themewin.com/edurock-preview/edurock/dashboard/instructor-reviews.html]
[html.themewin.com/edurock-preview/edurock/dashboard/instructor-my-quiz-attempts.html]
[html.themewin.com/edurock-preview/edurock/dashboard/instructor-order-history.html]
[html.themewin.com/edurock-preview/edurock/dashboard/instructor-course.html]
[html.themewin.com/edurock-preview/edurock/dashboard/instructor-announcments.html]
[html.themewin.com/edurock-preview/edurock/dashboard/instructor-quiz-attempts.html]
[html.themewin.com/edurock-preview/edurock/dashboard/instructor-assignments.html]
[html.themewin.com/edurock-preview/edurock/dashboard/instructor-settings.html]
[html.themewin.com/edurock-preview/edurock/dashboard/student-dashboard.html]
[html.themewin.com/edurock-preview/edurock/dashboard/student-profile.html]
[html.themewin.com/edurock-preview/edurock/dashboard/student-message.html]
[html.themewin.com/edurock-preview/edurock/dashboard/student-enrolled-courses.html]
[html.themewin.com/edurock-preview/edurock/dashboard/student-wishlist.html]
[html.themewin.com/edurock-preview/edurock/dashboard/student-reviews.html]
[html.themewin.com/edurock-preview/edurock/dashboard/student-my-quiz-attempts.html]
[html.themewin.com/edurock-preview/edurock/dashboard/student-assignments.html]
[html.themewin.com/edurock-preview/edurock/dashboard/student-settings.html]
[html.themewin.com/edurock-preview/edurock/img/products/9.jpg]
[html.themewin.com/edurock-preview/edurock/img/products/10.jpg]
[html.themewin.com/edurock-preview/edurock/img/products/11.jpg]
[html.themewin.com/edurock-preview/edurock/img/products/12.jpg]
[html.themewin.com/edurock-preview/edurock/ecommerce/shop.html]
[html.themewin.com/edurock-preview/edurock/ecommerce/product-details.html]
[html.themewin.com/edurock-preview/edurock/ecommerce/cart.html]
[html.themewin.com/edurock-preview/edurock/ecommerce/checkout.html]
[html.themewin.com/edurock-preview/edurock/ecommerce/wishlist.html]
[html.themewin.com/edurock-preview/edurock/shop-product.html]
[html.themewin.com/edurock-preview/edurock/img/logo/logo__4.html]
[html.themewin.com/edurock-preview/edurock/img/logo/logo__5.html]
[html.themewin.com/edurock-preview/edurock/product-details.html]
[html.themewin.com/edurock-preview/edurock/course-details-3-dark.html]
[html.themewin.com/edurock-preview/edurock/contact.html]
[html.themewin.com/edurock-preview/edurock/contact-dark.html]
[html.themewin.com/edurock-preview/edurock/instructor-details-dark.html]
[html.themewin.com/edurock-preview/edurock/event-details-dark.html]
[html.themewin.com/edurock-preview/edurock/portfolio.html]
[html.themewin.com/edurock-preview/edurock/blog-deetails.html]
[html.themewin.com/edurock-preview/edurock/zoom/index.html]
[html.themewin.com/edurock-preview/edurock/zoom/home-11-dark.html]
[html.themewin.com/edurock-preview/edurock/zoom/about.html]
[html.themewin.com/edurock-preview/edurock/zoom/course.html]
[html.themewin.com/edurock-preview/edurock/ourse-details-3.html]
[html.themewin.com/edurock-preview/edurock/zoom/ecommerce/shop.html]
[html.themewin.com/edurock-preview/edurock/zoom/shop-product.html]
[html.themewin.com/edurock-preview/edurock/zoom/ecommerce/cart.html]
[html.themewin.com/edurock-preview/edurock/zoom/ecommerce/checkout.html]
[html.themewin.com/edurock-preview/edurock/zoom/login.html]
[html.themewin.com/edurock-preview/edurock/zoom/instructor-details.html]
[html.themewin.com/edurock-preview/edurock/facebook.html]
[html.themewin.com/edurock-preview/edurock/twitter.html]
[html.themewin.com/edurock-preview/edurock/vimeo.html]
[html.themewin.com/edurock-preview/edurock/linkedin.html]
[html.themewin.com/edurock-preview/edurock/skype.html]
[html.themewin.com/edurock-preview/edurock/index-2.html]
[html.themewin.com/edurock-preview/edurock/dashboard/index.html]
[html.themewin.com/edurock-preview/edurock/dashboard/home-11-dark.html]
[html.themewin.com/edurock-preview/edurock/dashboard/about.html]
[html.themewin.com/edurock-preview/edurock/dashboard/ecommerce/shop.html]
[html.themewin.com/edurock-preview/edurock/dashboard/shop-product.html]
[html.themewin.com/edurock-preview/edurock/dashboard/cart.html]
[html.themewin.com/edurock-preview/edurock/dashboard/checkout.html]
[html.themewin.com/edurock-preview/edurock/css/plugins_plyr.css]
[html.themewin.com/edurock-preview/edurock/lesson-2.html]
[html.themewin.com/edurock-preview/edurock/lesson-course-materials.html]
[html.themewin.com/edurock-preview/edurock/lesson-quiz.html]
[html.themewin.com/edurock-preview/edurock/lesson-assignment.html]
[html.themewin.com/edurock-preview/edurock/lesson-3.html]
[html.themewin.com/edurock-preview/edurock/dashboard/admin-wishlist.html]
[html.themewin.com/edurock-preview/edurock/dashboard/instructor-enrolled-courses.html]
[html.themewin.com/edurock-preview/edurock/dashboard/instructor-details.html]
[html.themewin.com/edurock-preview/edurock/ecommerce/index.html]
[html.themewin.com/edurock-preview/edurock/ecommerce/home-11-dark.html]
[html.themewin.com/edurock-preview/edurock/ecommerce/about.html]
[html.themewin.com/edurock-preview/edurock/ecommerce/course.html]
[html.themewin.com/edurock-preview/edurock/ecommerce/ecommerce/shop.html]
[html.themewin.com/edurock-preview/edurock/ecommerce/shop-product.html]
[html.themewin.com/edurock-preview/edurock/ecommerce/ecommerce/product-details.html]
[html.themewin.com/edurock-preview/edurock/ecommerce/ecommerce/cart.html]
[html.themewin.com/edurock-preview/edurock/ecommerce/ecommerce/checkout.html]
[html.themewin.com/edurock-preview/edurock/ecommerce/ecommerce/wishlist.html]
[html.themewin.com/edurock-preview/edurock/ecommerce/course-details.html]
[html.themewin.com/edurock-preview/edurock/ecommerce/instructor-details.html]
